// Jest Snapshot v1, https://goo.gl/fbAQLP

exports[`it renders without crashing 1`] = `
<div
  className="app"
>
  <Header />
  <main>
    <DataFetcher
      render={[Function]}
      transformData={[Function]}
      urls={
        Array [
          "https://api.spotify.com/v1/me/tracks",
        ]
      }
    />
    <DataFetcher
      render={[Function]}
      transformData={[Function]}
      urls={
        Array [
          "https://api.spotify.com/v1/me/player/recently-played",
        ]
      }
    />
    <DataFetcher
      render={[Function]}
      transformData={[Function]}
      urls={
        Array [
          "/saved-tracks-audio-features.json",
          "/saved-tracks.json",
        ]
      }
    />
  </main>
</div>
`;
