// Jest Snapshot v1, https://goo.gl/fbAQLP

exports[`it renders without crashing 1`] = `
<div
  className="app"
>
  <Header />
  <main>
    <WithData(SongList)
      heading="Recently Added"
    />
    <WithData(SongList)
      heading="Recently Played"
    />
    <WithData(MultiSongList)
      handleSelection={[Function]}
      selectedSongList="energize"
    />
  </main>
</div>
`;
