// Jest Snapshot v1, https://goo.gl/fbAQLP

exports[`it renders without crashing 1`] = `
<div
  className="app"
>
  <Header
    secretAction={[Function]}
  />
  <main>
    <DataFetcher
      data={[Function]}
      render={[Function]}
    />
    <DataFetcher
      data={[Function]}
      render={[Function]}
    />
    <DataFetcher
      data={[Function]}
      render={[Function]}
    />
  </main>
</div>
`;
