// Jest Snapshot v1, https://goo.gl/fbAQLP

exports[`it displays the given details about the song item 1`] = `
<li
  className="song-item"
>
  <a
    href="https://spotify/song"
    onClick={[Function]}
    rel="noopener noreferrer"
    target="_blank"
  >
    <img
      alt="album art"
      src="art.jpg"
    />
    <span
      className="title"
    >
      Dans L'sang
    </span>
  </a>
  <span
    className="artist"
  />
</li>
`;
