// Jest Snapshot v1, https://goo.gl/fbAQLP

exports[`it renders a list of SongItems 1`] = `
<div
  className="song-list"
>
  <h1>
    Some Songs
  </h1>
  <ul>
    <SongItem
      albumArt="art1.jpg"
      artist="Artist Five"
      title="The Best Song"
      url="https://the/best/song"
    />
    <SongItem
      albumArt="art2.jpg"
      artist="Arty"
      title="Song #2"
      url="https://the/second/song"
    />
  </ul>
</div>
`;
